04:20:47.544 [ForkJoinPool-2-worker-1] INFO  o.a.p.FigureExtractorBatchCli$ - Processing file 14653.pdf (1 of 1)
04:20:48.183 [ForkJoinPool-2-worker-1] DEBUG o.a.pdffigures2.DocumentLayout$ - Document was not two column
04:20:48.207 [ForkJoinPool-2-worker-1] DEBUG o.a.pdffigures2.FigureExtractor - On page 5
04:20:48.214 [ForkJoinPool-2-worker-1] DEBUG o.a.pdffigures2.GraphicsExtractor$ - Found 2 graphic areas, 2 after cleaning
04:20:48.226 [ForkJoinPool-2-worker-1] DEBUG o.a.pdffigures2.FigureExtractor - On page 10
04:20:48.227 [ForkJoinPool-2-worker-1] DEBUG o.a.pdffigures2.GraphicsExtractor$ - Found 1 graphic areas, 1 after cleaning
04:20:48.228 [ForkJoinPool-2-worker-1] DEBUG o.a.pdffigures2.FigureExtractor - On page 24
04:20:48.229 [ForkJoinPool-2-worker-1] DEBUG o.a.pdffigures2.GraphicsExtractor$ - Found 1 graphic areas, 1 after cleaning
04:20:48.230 [ForkJoinPool-2-worker-1] DEBUG o.a.pdffigures2.FigureExtractor - On page 37
04:20:48.230 [ForkJoinPool-2-worker-1] DEBUG o.a.pdffigures2.GraphicsExtractor$ - Found 1 graphic areas, 1 after cleaning
04:20:48.231 [ForkJoinPool-2-worker-1] DEBUG o.a.pdffigures2.FigureExtractor - On page 25
04:20:48.232 [ForkJoinPool-2-worker-1] DEBUG o.a.pdffigures2.GraphicsExtractor$ - Found 1 graphic areas, 1 after cleaning
04:20:48.234 [ForkJoinPool-2-worker-1] DEBUG o.a.pdffigures2.FigureExtractor - On page 14
04:20:48.235 [ForkJoinPool-2-worker-1] DEBUG o.a.pdffigures2.GraphicsExtractor$ - Found 2 graphic areas, 2 after cleaning
04:20:48.236 [ForkJoinPool-2-worker-1] DEBUG o.a.pdffigures2.FigureExtractor - On page 20
04:20:48.236 [ForkJoinPool-2-worker-1] DEBUG o.a.pdffigures2.GraphicsExtractor$ - Found 1 graphic areas, 1 after cleaning
04:20:48.237 [ForkJoinPool-2-worker-1] DEBUG o.a.pdffigures2.FigureExtractor - On page 29
04:20:48.237 [ForkJoinPool-2-worker-1] DEBUG o.a.pdffigures2.GraphicsExtractor$ - Found 1 graphic areas, 1 after cleaning
04:20:48.238 [ForkJoinPool-2-worker-1] DEBUG o.a.pdffigures2.FigureExtractor - On page 6
04:20:48.239 [ForkJoinPool-2-worker-1] DEBUG o.a.pdffigures2.GraphicsExtractor$ - Found 1 graphic areas, 1 after cleaning
04:20:48.240 [ForkJoinPool-2-worker-1] DEBUG o.a.pdffigures2.FigureExtractor - On page 28
04:20:48.241 [ForkJoinPool-2-worker-1] DEBUG o.a.pdffigures2.GraphicsExtractor$ - Found 1 graphic areas, 1 after cleaning
04:20:48.242 [ForkJoinPool-2-worker-1] DEBUG o.a.pdffigures2.FigureExtractor - On page 21
04:20:48.243 [ForkJoinPool-2-worker-1] DEBUG o.a.pdffigures2.GraphicsExtractor$ - Found 2 graphic areas, 2 after cleaning
04:20:48.243 [ForkJoinPool-2-worker-1] DEBUG o.a.pdffigures2.FigureExtractor - On page 33
04:20:48.244 [ForkJoinPool-2-worker-1] DEBUG o.a.pdffigures2.GraphicsExtractor$ - Found 1 graphic areas, 1 after cleaning
04:20:48.245 [ForkJoinPool-2-worker-1] DEBUG o.a.pdffigures2.FigureExtractor - On page 9
04:20:48.252 [ForkJoinPool-2-worker-1] DEBUG o.a.pdffigures2.GraphicsExtractor$ - Found 1 graphic areas, 1 after cleaning
04:20:48.252 [ForkJoinPool-2-worker-1] DEBUG o.a.pdffigures2.FigureExtractor - On page 13
04:20:48.253 [ForkJoinPool-2-worker-1] DEBUG o.a.pdffigures2.GraphicsExtractor$ - Found 1 graphic areas, 1 after cleaning
04:20:48.254 [ForkJoinPool-2-worker-1] DEBUG o.a.pdffigures2.FigureExtractor - On page 2
04:20:48.254 [ForkJoinPool-2-worker-1] DEBUG o.a.pdffigures2.GraphicsExtractor$ - Found 1 graphic areas, 1 after cleaning
04:20:48.255 [ForkJoinPool-2-worker-1] DEBUG o.a.pdffigures2.FigureExtractor - On page 32
04:20:48.256 [ForkJoinPool-2-worker-1] DEBUG o.a.pdffigures2.GraphicsExtractor$ - Found 2 graphic areas, 2 after cleaning
04:20:48.257 [ForkJoinPool-2-worker-1] DEBUG o.a.pdffigures2.FigureExtractor - On page 34
04:20:48.258 [ForkJoinPool-2-worker-1] DEBUG o.a.pdffigures2.GraphicsExtractor$ - Found 3 graphic areas, 3 after cleaning
04:20:48.258 [ForkJoinPool-2-worker-1] DEBUG o.a.pdffigures2.FigureExtractor - On page 17
04:20:48.259 [ForkJoinPool-2-worker-1] DEBUG o.a.pdffigures2.GraphicsExtractor$ - Found 1 graphic areas, 1 after cleaning
04:20:48.260 [ForkJoinPool-2-worker-1] DEBUG o.a.pdffigures2.FigureExtractor - On page 22
04:20:48.260 [ForkJoinPool-2-worker-1] DEBUG o.a.pdffigures2.GraphicsExtractor$ - Found 2 graphic areas, 2 after cleaning
04:20:48.262 [ForkJoinPool-2-worker-1] DEBUG o.a.pdffigures2.FigureExtractor - On page 27
04:20:48.263 [ForkJoinPool-2-worker-1] DEBUG o.a.pdffigures2.GraphicsExtractor$ - Found 2 graphic areas, 2 after cleaning
04:20:48.264 [ForkJoinPool-2-worker-1] DEBUG o.a.pdffigures2.FigureExtractor - On page 12
04:20:48.264 [ForkJoinPool-2-worker-1] DEBUG o.a.pdffigures2.GraphicsExtractor$ - Found 1 graphic areas, 1 after cleaning
04:20:48.264 [ForkJoinPool-2-worker-1] DEBUG o.a.pdffigures2.FigureExtractor - On page 7
04:20:48.265 [ForkJoinPool-2-worker-1] DEBUG o.a.pdffigures2.GraphicsExtractor$ - Found 1 graphic areas, 1 after cleaning
04:20:48.265 [ForkJoinPool-2-worker-1] DEBUG o.a.pdffigures2.FigureExtractor - On page 3
04:20:48.266 [ForkJoinPool-2-worker-1] DEBUG o.a.pdffigures2.GraphicsExtractor$ - Found 1 graphic areas, 1 after cleaning
04:20:48.266 [ForkJoinPool-2-worker-1] DEBUG o.a.pdffigures2.FigureExtractor - On page 35
04:20:48.267 [ForkJoinPool-2-worker-1] DEBUG o.a.pdffigures2.GraphicsExtractor$ - Found 2 graphic areas, 2 after cleaning
04:20:48.268 [ForkJoinPool-2-worker-1] DEBUG o.a.pdffigures2.FigureExtractor - On page 18
04:20:48.269 [ForkJoinPool-2-worker-1] DEBUG o.a.pdffigures2.GraphicsExtractor$ - Found 1 graphic areas, 1 after cleaning
04:20:48.269 [ForkJoinPool-2-worker-1] DEBUG o.a.pdffigures2.FigureExtractor - On page 16
04:20:48.270 [ForkJoinPool-2-worker-1] DEBUG o.a.pdffigures2.GraphicsExtractor$ - Found 2 graphic areas, 2 after cleaning
04:20:48.270 [ForkJoinPool-2-worker-1] DEBUG o.a.pdffigures2.FigureExtractor - On page 31
04:20:48.271 [ForkJoinPool-2-worker-1] DEBUG o.a.pdffigures2.GraphicsExtractor$ - Found 1 graphic areas, 1 after cleaning
04:20:48.272 [ForkJoinPool-2-worker-1] DEBUG o.a.pdffigures2.FigureExtractor - On page 11
04:20:48.273 [ForkJoinPool-2-worker-1] DEBUG o.a.pdffigures2.GraphicsExtractor$ - Found 2 graphic areas, 2 after cleaning
04:20:48.274 [ForkJoinPool-2-worker-1] DEBUG o.a.pdffigures2.FigureExtractor - On page 26
04:20:48.274 [ForkJoinPool-2-worker-1] DEBUG o.a.pdffigures2.GraphicsExtractor$ - Found 1 graphic areas, 1 after cleaning
04:20:48.275 [ForkJoinPool-2-worker-1] DEBUG o.a.pdffigures2.FigureExtractor - On page 23
04:20:48.275 [ForkJoinPool-2-worker-1] DEBUG o.a.pdffigures2.GraphicsExtractor$ - Found 1 graphic areas, 1 after cleaning
04:20:48.275 [ForkJoinPool-2-worker-1] DEBUG o.a.pdffigures2.FigureExtractor - On page 8
04:20:48.276 [ForkJoinPool-2-worker-1] DEBUG o.a.pdffigures2.GraphicsExtractor$ - Found 3 graphic areas, 3 after cleaning
04:20:48.276 [ForkJoinPool-2-worker-1] DEBUG o.a.pdffigures2.FigureExtractor - On page 36
04:20:48.277 [ForkJoinPool-2-worker-1] DEBUG o.a.pdffigures2.GraphicsExtractor$ - Found 2 graphic areas, 2 after cleaning
04:20:48.277 [ForkJoinPool-2-worker-1] DEBUG o.a.pdffigures2.FigureExtractor - On page 30
04:20:48.278 [ForkJoinPool-2-worker-1] DEBUG o.a.pdffigures2.GraphicsExtractor$ - Found 1 graphic areas, 1 after cleaning
04:20:48.279 [ForkJoinPool-2-worker-1] DEBUG o.a.pdffigures2.FigureExtractor - On page 19
04:20:48.279 [ForkJoinPool-2-worker-1] DEBUG o.a.pdffigures2.GraphicsExtractor$ - Found 2 graphic areas, 2 after cleaning
04:20:48.280 [ForkJoinPool-2-worker-1] DEBUG o.a.pdffigures2.FigureExtractor - On page 4
04:20:48.280 [ForkJoinPool-2-worker-1] DEBUG o.a.pdffigures2.GraphicsExtractor$ - Found 4 graphic areas, 4 after cleaning
04:20:48.282 [ForkJoinPool-2-worker-1] DEBUG o.a.pdffigures2.FigureExtractor - On page 15
04:20:48.282 [ForkJoinPool-2-worker-1] DEBUG o.a.pdffigures2.GraphicsExtractor$ - Found 1 graphic areas, 1 after cleaning
04:20:57.724 [ForkJoinPool-2-worker-1] INFO  o.a.p.FigureExtractorBatchCli$ - Finished 14653.pdf in 10.178 seconds
04:20:57.726 [main] INFO  o.a.p.FigureExtractorBatchCli$ - Finished processing 1 files
04:20:57.727 [main] INFO  o.a.p.FigureExtractorBatchCli$ - Took 10.203 seconds
04:20:57.727 [main] INFO  o.a.p.FigureExtractorBatchCli$ - Stats saved to /work/jobs/20260824042040_jsmith_14653_564b38ab/extract_out/stats/stats_batch001.json
04:20:57.727 [main] INFO  o.a.p.FigureExtractorBatchCli$ - No errors
