02:55:28.951 [ForkJoinPool-2-worker-1] INFO  o.a.p.FigureExtractorBatchCli$ - Processing file 14653.pdf (1 of 1)
02:55:29.553 [ForkJoinPool-2-worker-1] DEBUG o.a.pdffigures2.DocumentLayout$ - Document was not two column
02:55:29.586 [ForkJoinPool-2-worker-1] DEBUG o.a.pdffigures2.FigureExtractor - On page 5
02:55:29.596 [ForkJoinPool-2-worker-1] DEBUG o.a.pdffigures2.GraphicsExtractor$ - Found 2 graphic areas, 2 after cleaning
02:55:29.607 [ForkJoinPool-2-worker-1] DEBUG o.a.pdffigures2.FigureExtractor - On page 10
02:55:29.608 [ForkJoinPool-2-worker-1] DEBUG o.a.pdffigures2.GraphicsExtractor$ - Found 1 graphic areas, 1 after cleaning
02:55:29.609 [ForkJoinPool-2-worker-1] DEBUG o.a.pdffigures2.FigureExtractor - On page 24
02:55:29.609 [ForkJoinPool-2-worker-1] DEBUG o.a.pdffigures2.GraphicsExtractor$ - Found 1 graphic areas, 1 after cleaning
02:55:29.610 [ForkJoinPool-2-worker-1] DEBUG o.a.pdffigures2.FigureExtractor - On page 37
02:55:29.611 [ForkJoinPool-2-worker-1] DEBUG o.a.pdffigures2.GraphicsExtractor$ - Found 1 graphic areas, 1 after cleaning
02:55:29.611 [ForkJoinPool-2-worker-1] DEBUG o.a.pdffigures2.FigureExtractor - On page 25
02:55:29.612 [ForkJoinPool-2-worker-1] DEBUG o.a.pdffigures2.GraphicsExtractor$ - Found 1 graphic areas, 1 after cleaning
02:55:29.615 [ForkJoinPool-2-worker-1] DEBUG o.a.pdffigures2.FigureExtractor - On page 14
02:55:29.615 [ForkJoinPool-2-worker-1] DEBUG o.a.pdffigures2.GraphicsExtractor$ - Found 2 graphic areas, 2 after cleaning
02:55:29.615 [ForkJoinPool-2-worker-1] DEBUG o.a.pdffigures2.FigureExtractor - On page 20
02:55:29.616 [ForkJoinPool-2-worker-1] DEBUG o.a.pdffigures2.GraphicsExtractor$ - Found 1 graphic areas, 1 after cleaning
02:55:29.617 [ForkJoinPool-2-worker-1] DEBUG o.a.pdffigures2.FigureExtractor - On page 29
02:55:29.617 [ForkJoinPool-2-worker-1] DEBUG o.a.pdffigures2.GraphicsExtractor$ - Found 1 graphic areas, 1 after cleaning
02:55:29.618 [ForkJoinPool-2-worker-1] DEBUG o.a.pdffigures2.FigureExtractor - On page 6
02:55:29.619 [ForkJoinPool-2-worker-1] DEBUG o.a.pdffigures2.GraphicsExtractor$ - Found 1 graphic areas, 1 after cleaning
02:55:29.619 [ForkJoinPool-2-worker-1] DEBUG o.a.pdffigures2.FigureExtractor - On page 28
02:55:29.620 [ForkJoinPool-2-worker-1] DEBUG o.a.pdffigures2.GraphicsExtractor$ - Found 1 graphic areas, 1 after cleaning
02:55:29.621 [ForkJoinPool-2-worker-1] DEBUG o.a.pdffigures2.FigureExtractor - On page 21
02:55:29.621 [ForkJoinPool-2-worker-1] DEBUG o.a.pdffigures2.GraphicsExtractor$ - Found 2 graphic areas, 2 after cleaning
02:55:29.622 [ForkJoinPool-2-worker-1] DEBUG o.a.pdffigures2.FigureExtractor - On page 33
02:55:29.623 [ForkJoinPool-2-worker-1] DEBUG o.a.pdffigures2.GraphicsExtractor$ - Found 1 graphic areas, 1 after cleaning
02:55:29.623 [ForkJoinPool-2-worker-1] DEBUG o.a.pdffigures2.FigureExtractor - On page 9
02:55:29.624 [ForkJoinPool-2-worker-1] DEBUG o.a.pdffigures2.GraphicsExtractor$ - Found 1 graphic areas, 1 after cleaning
02:55:29.624 [ForkJoinPool-2-worker-1] DEBUG o.a.pdffigures2.FigureExtractor - On page 13
02:55:29.625 [ForkJoinPool-2-worker-1] DEBUG o.a.pdffigures2.GraphicsExtractor$ - Found 1 graphic areas, 1 after cleaning
02:55:29.625 [ForkJoinPool-2-worker-1] DEBUG o.a.pdffigures2.FigureExtractor - On page 2
02:55:29.626 [ForkJoinPool-2-worker-1] DEBUG o.a.pdffigures2.GraphicsExtractor$ - Found 1 graphic areas, 1 after cleaning
02:55:29.626 [ForkJoinPool-2-worker-1] DEBUG o.a.pdffigures2.FigureExtractor - On page 32
02:55:29.627 [ForkJoinPool-2-worker-1] DEBUG o.a.pdffigures2.GraphicsExtractor$ - Found 2 graphic areas, 2 after cleaning
02:55:29.630 [ForkJoinPool-2-worker-1] DEBUG o.a.pdffigures2.FigureExtractor - On page 34
02:55:29.630 [ForkJoinPool-2-worker-1] DEBUG o.a.pdffigures2.GraphicsExtractor$ - Found 3 graphic areas, 3 after cleaning
02:55:29.631 [ForkJoinPool-2-worker-1] DEBUG o.a.pdffigures2.FigureExtractor - On page 17
02:55:29.631 [ForkJoinPool-2-worker-1] DEBUG o.a.pdffigures2.GraphicsExtractor$ - Found 1 graphic areas, 1 after cleaning
02:55:29.632 [ForkJoinPool-2-worker-1] DEBUG o.a.pdffigures2.FigureExtractor - On page 22
02:55:29.633 [ForkJoinPool-2-worker-1] DEBUG o.a.pdffigures2.GraphicsExtractor$ - Found 2 graphic areas, 2 after cleaning
02:55:29.633 [ForkJoinPool-2-worker-1] DEBUG o.a.pdffigures2.FigureExtractor - On page 27
02:55:29.633 [ForkJoinPool-2-worker-1] DEBUG o.a.pdffigures2.GraphicsExtractor$ - Found 2 graphic areas, 2 after cleaning
02:55:29.634 [ForkJoinPool-2-worker-1] DEBUG o.a.pdffigures2.FigureExtractor - On page 12
02:55:29.634 [ForkJoinPool-2-worker-1] DEBUG o.a.pdffigures2.GraphicsExtractor$ - Found 1 graphic areas, 1 after cleaning
02:55:29.635 [ForkJoinPool-2-worker-1] DEBUG o.a.pdffigures2.FigureExtractor - On page 7
02:55:29.635 [ForkJoinPool-2-worker-1] DEBUG o.a.pdffigures2.GraphicsExtractor$ - Found 1 graphic areas, 1 after cleaning
02:55:29.635 [ForkJoinPool-2-worker-1] DEBUG o.a.pdffigures2.FigureExtractor - On page 3
02:55:29.636 [ForkJoinPool-2-worker-1] DEBUG o.a.pdffigures2.GraphicsExtractor$ - Found 1 graphic areas, 1 after cleaning
02:55:29.636 [ForkJoinPool-2-worker-1] DEBUG o.a.pdffigures2.FigureExtractor - On page 35
02:55:29.637 [ForkJoinPool-2-worker-1] DEBUG o.a.pdffigures2.GraphicsExtractor$ - Found 2 graphic areas, 2 after cleaning
02:55:29.637 [ForkJoinPool-2-worker-1] DEBUG o.a.pdffigures2.FigureExtractor - On page 18
02:55:29.638 [ForkJoinPool-2-worker-1] DEBUG o.a.pdffigures2.GraphicsExtractor$ - Found 1 graphic areas, 1 after cleaning
02:55:29.638 [ForkJoinPool-2-worker-1] DEBUG o.a.pdffigures2.FigureExtractor - On page 16
02:55:29.639 [ForkJoinPool-2-worker-1] DEBUG o.a.pdffigures2.GraphicsExtractor$ - Found 2 graphic areas, 2 after cleaning
02:55:29.639 [ForkJoinPool-2-worker-1] DEBUG o.a.pdffigures2.FigureExtractor - On page 31
02:55:29.640 [ForkJoinPool-2-worker-1] DEBUG o.a.pdffigures2.GraphicsExtractor$ - Found 1 graphic areas, 1 after cleaning
02:55:29.640 [ForkJoinPool-2-worker-1] DEBUG o.a.pdffigures2.FigureExtractor - On page 11
02:55:29.640 [ForkJoinPool-2-worker-1] DEBUG o.a.pdffigures2.GraphicsExtractor$ - Found 2 graphic areas, 2 after cleaning
02:55:29.641 [ForkJoinPool-2-worker-1] DEBUG o.a.pdffigures2.FigureExtractor - On page 26
02:55:29.642 [ForkJoinPool-2-worker-1] DEBUG o.a.pdffigures2.GraphicsExtractor$ - Found 1 graphic areas, 1 after cleaning
02:55:29.642 [ForkJoinPool-2-worker-1] DEBUG o.a.pdffigures2.FigureExtractor - On page 23
02:55:29.643 [ForkJoinPool-2-worker-1] DEBUG o.a.pdffigures2.GraphicsExtractor$ - Found 1 graphic areas, 1 after cleaning
02:55:29.643 [ForkJoinPool-2-worker-1] DEBUG o.a.pdffigures2.FigureExtractor - On page 8
02:55:29.643 [ForkJoinPool-2-worker-1] DEBUG o.a.pdffigures2.GraphicsExtractor$ - Found 3 graphic areas, 3 after cleaning
02:55:29.644 [ForkJoinPool-2-worker-1] DEBUG o.a.pdffigures2.FigureExtractor - On page 36
02:55:29.644 [ForkJoinPool-2-worker-1] DEBUG o.a.pdffigures2.GraphicsExtractor$ - Found 2 graphic areas, 2 after cleaning
02:55:29.645 [ForkJoinPool-2-worker-1] DEBUG o.a.pdffigures2.FigureExtractor - On page 30
02:55:29.645 [ForkJoinPool-2-worker-1] DEBUG o.a.pdffigures2.GraphicsExtractor$ - Found 1 graphic areas, 1 after cleaning
02:55:29.646 [ForkJoinPool-2-worker-1] DEBUG o.a.pdffigures2.FigureExtractor - On page 19
02:55:29.646 [ForkJoinPool-2-worker-1] DEBUG o.a.pdffigures2.GraphicsExtractor$ - Found 2 graphic areas, 2 after cleaning
02:55:29.647 [ForkJoinPool-2-worker-1] DEBUG o.a.pdffigures2.FigureExtractor - On page 4
02:55:29.647 [ForkJoinPool-2-worker-1] DEBUG o.a.pdffigures2.GraphicsExtractor$ - Found 4 graphic areas, 4 after cleaning
02:55:29.648 [ForkJoinPool-2-worker-1] DEBUG o.a.pdffigures2.FigureExtractor - On page 15
02:55:29.648 [ForkJoinPool-2-worker-1] DEBUG o.a.pdffigures2.GraphicsExtractor$ - Found 1 graphic areas, 1 after cleaning
02:55:38.465 [ForkJoinPool-2-worker-1] INFO  o.a.p.FigureExtractorBatchCli$ - Finished 14653.pdf in 9.513 seconds
02:55:38.467 [main] INFO  o.a.p.FigureExtractorBatchCli$ - Finished processing 1 files
02:55:38.468 [main] INFO  o.a.p.FigureExtractorBatchCli$ - Took 9.532 seconds
02:55:38.468 [main] INFO  o.a.p.FigureExtractorBatchCli$ - Stats saved to pdffigures2_out/stats/stats_batch001.json
02:55:38.468 [main] INFO  o.a.p.FigureExtractorBatchCli$ - No errors
