04:13:25.463 [ForkJoinPool-2-worker-1] INFO  o.a.p.FigureExtractorBatchCli$ - Processing file 14653.pdf (1 of 1)
04:13:26.105 [ForkJoinPool-2-worker-1] DEBUG o.a.pdffigures2.DocumentLayout$ - Document was not two column
04:13:26.130 [ForkJoinPool-2-worker-1] DEBUG o.a.pdffigures2.FigureExtractor - On page 5
04:13:26.138 [ForkJoinPool-2-worker-1] DEBUG o.a.pdffigures2.GraphicsExtractor$ - Found 2 graphic areas, 2 after cleaning
04:13:26.150 [ForkJoinPool-2-worker-1] DEBUG o.a.pdffigures2.FigureExtractor - On page 10
04:13:26.150 [ForkJoinPool-2-worker-1] DEBUG o.a.pdffigures2.GraphicsExtractor$ - Found 1 graphic areas, 1 after cleaning
04:13:26.154 [ForkJoinPool-2-worker-1] DEBUG o.a.pdffigures2.FigureExtractor - On page 24
04:13:26.155 [ForkJoinPool-2-worker-1] DEBUG o.a.pdffigures2.GraphicsExtractor$ - Found 1 graphic areas, 1 after cleaning
04:13:26.156 [ForkJoinPool-2-worker-1] DEBUG o.a.pdffigures2.FigureExtractor - On page 37
04:13:26.157 [ForkJoinPool-2-worker-1] DEBUG o.a.pdffigures2.GraphicsExtractor$ - Found 1 graphic areas, 1 after cleaning
04:13:26.158 [ForkJoinPool-2-worker-1] DEBUG o.a.pdffigures2.FigureExtractor - On page 25
04:13:26.158 [ForkJoinPool-2-worker-1] DEBUG o.a.pdffigures2.GraphicsExtractor$ - Found 1 graphic areas, 1 after cleaning
04:13:26.161 [ForkJoinPool-2-worker-1] DEBUG o.a.pdffigures2.FigureExtractor - On page 14
04:13:26.162 [ForkJoinPool-2-worker-1] DEBUG o.a.pdffigures2.GraphicsExtractor$ - Found 2 graphic areas, 2 after cleaning
04:13:26.162 [ForkJoinPool-2-worker-1] DEBUG o.a.pdffigures2.FigureExtractor - On page 20
04:13:26.162 [ForkJoinPool-2-worker-1] DEBUG o.a.pdffigures2.GraphicsExtractor$ - Found 1 graphic areas, 1 after cleaning
04:13:26.163 [ForkJoinPool-2-worker-1] DEBUG o.a.pdffigures2.FigureExtractor - On page 29
04:13:26.164 [ForkJoinPool-2-worker-1] DEBUG o.a.pdffigures2.GraphicsExtractor$ - Found 1 graphic areas, 1 after cleaning
04:13:26.165 [ForkJoinPool-2-worker-1] DEBUG o.a.pdffigures2.FigureExtractor - On page 6
04:13:26.165 [ForkJoinPool-2-worker-1] DEBUG o.a.pdffigures2.GraphicsExtractor$ - Found 1 graphic areas, 1 after cleaning
04:13:26.166 [ForkJoinPool-2-worker-1] DEBUG o.a.pdffigures2.FigureExtractor - On page 28
04:13:26.166 [ForkJoinPool-2-worker-1] DEBUG o.a.pdffigures2.GraphicsExtractor$ - Found 1 graphic areas, 1 after cleaning
04:13:26.167 [ForkJoinPool-2-worker-1] DEBUG o.a.pdffigures2.FigureExtractor - On page 21
04:13:26.168 [ForkJoinPool-2-worker-1] DEBUG o.a.pdffigures2.GraphicsExtractor$ - Found 2 graphic areas, 2 after cleaning
04:13:26.169 [ForkJoinPool-2-worker-1] DEBUG o.a.pdffigures2.FigureExtractor - On page 33
04:13:26.169 [ForkJoinPool-2-worker-1] DEBUG o.a.pdffigures2.GraphicsExtractor$ - Found 1 graphic areas, 1 after cleaning
04:13:26.170 [ForkJoinPool-2-worker-1] DEBUG o.a.pdffigures2.FigureExtractor - On page 9
04:13:26.170 [ForkJoinPool-2-worker-1] DEBUG o.a.pdffigures2.GraphicsExtractor$ - Found 1 graphic areas, 1 after cleaning
04:13:26.171 [ForkJoinPool-2-worker-1] DEBUG o.a.pdffigures2.FigureExtractor - On page 13
04:13:26.171 [ForkJoinPool-2-worker-1] DEBUG o.a.pdffigures2.GraphicsExtractor$ - Found 1 graphic areas, 1 after cleaning
04:13:26.172 [ForkJoinPool-2-worker-1] DEBUG o.a.pdffigures2.FigureExtractor - On page 2
04:13:26.173 [ForkJoinPool-2-worker-1] DEBUG o.a.pdffigures2.GraphicsExtractor$ - Found 1 graphic areas, 1 after cleaning
04:13:26.173 [ForkJoinPool-2-worker-1] DEBUG o.a.pdffigures2.FigureExtractor - On page 32
04:13:26.174 [ForkJoinPool-2-worker-1] DEBUG o.a.pdffigures2.GraphicsExtractor$ - Found 2 graphic areas, 2 after cleaning
04:13:26.176 [ForkJoinPool-2-worker-1] DEBUG o.a.pdffigures2.FigureExtractor - On page 34
04:13:26.176 [ForkJoinPool-2-worker-1] DEBUG o.a.pdffigures2.GraphicsExtractor$ - Found 3 graphic areas, 3 after cleaning
04:13:26.177 [ForkJoinPool-2-worker-1] DEBUG o.a.pdffigures2.FigureExtractor - On page 17
04:13:26.177 [ForkJoinPool-2-worker-1] DEBUG o.a.pdffigures2.GraphicsExtractor$ - Found 1 graphic areas, 1 after cleaning
04:13:26.178 [ForkJoinPool-2-worker-1] DEBUG o.a.pdffigures2.FigureExtractor - On page 22
04:13:26.178 [ForkJoinPool-2-worker-1] DEBUG o.a.pdffigures2.GraphicsExtractor$ - Found 2 graphic areas, 2 after cleaning
04:13:26.179 [ForkJoinPool-2-worker-1] DEBUG o.a.pdffigures2.FigureExtractor - On page 27
04:13:26.179 [ForkJoinPool-2-worker-1] DEBUG o.a.pdffigures2.GraphicsExtractor$ - Found 2 graphic areas, 2 after cleaning
04:13:26.180 [ForkJoinPool-2-worker-1] DEBUG o.a.pdffigures2.FigureExtractor - On page 12
04:13:26.180 [ForkJoinPool-2-worker-1] DEBUG o.a.pdffigures2.GraphicsExtractor$ - Found 1 graphic areas, 1 after cleaning
04:13:26.181 [ForkJoinPool-2-worker-1] DEBUG o.a.pdffigures2.FigureExtractor - On page 7
04:13:26.181 [ForkJoinPool-2-worker-1] DEBUG o.a.pdffigures2.GraphicsExtractor$ - Found 1 graphic areas, 1 after cleaning
04:13:26.182 [ForkJoinPool-2-worker-1] DEBUG o.a.pdffigures2.FigureExtractor - On page 3
04:13:26.182 [ForkJoinPool-2-worker-1] DEBUG o.a.pdffigures2.GraphicsExtractor$ - Found 1 graphic areas, 1 after cleaning
04:13:26.182 [ForkJoinPool-2-worker-1] DEBUG o.a.pdffigures2.FigureExtractor - On page 35
04:13:26.183 [ForkJoinPool-2-worker-1] DEBUG o.a.pdffigures2.GraphicsExtractor$ - Found 2 graphic areas, 2 after cleaning
04:13:26.183 [ForkJoinPool-2-worker-1] DEBUG o.a.pdffigures2.FigureExtractor - On page 18
04:13:26.184 [ForkJoinPool-2-worker-1] DEBUG o.a.pdffigures2.GraphicsExtractor$ - Found 1 graphic areas, 1 after cleaning
04:13:26.184 [ForkJoinPool-2-worker-1] DEBUG o.a.pdffigures2.FigureExtractor - On page 16
04:13:26.192 [ForkJoinPool-2-worker-1] DEBUG o.a.pdffigures2.GraphicsExtractor$ - Found 2 graphic areas, 2 after cleaning
04:13:26.193 [ForkJoinPool-2-worker-1] DEBUG o.a.pdffigures2.FigureExtractor - On page 31
04:13:26.193 [ForkJoinPool-2-worker-1] DEBUG o.a.pdffigures2.GraphicsExtractor$ - Found 1 graphic areas, 1 after cleaning
04:13:26.194 [ForkJoinPool-2-worker-1] DEBUG o.a.pdffigures2.FigureExtractor - On page 11
04:13:26.194 [ForkJoinPool-2-worker-1] DEBUG o.a.pdffigures2.GraphicsExtractor$ - Found 2 graphic areas, 2 after cleaning
04:13:26.195 [ForkJoinPool-2-worker-1] DEBUG o.a.pdffigures2.FigureExtractor - On page 26
04:13:26.195 [ForkJoinPool-2-worker-1] DEBUG o.a.pdffigures2.GraphicsExtractor$ - Found 1 graphic areas, 1 after cleaning
04:13:26.196 [ForkJoinPool-2-worker-1] DEBUG o.a.pdffigures2.FigureExtractor - On page 23
04:13:26.196 [ForkJoinPool-2-worker-1] DEBUG o.a.pdffigures2.GraphicsExtractor$ - Found 1 graphic areas, 1 after cleaning
04:13:26.197 [ForkJoinPool-2-worker-1] DEBUG o.a.pdffigures2.FigureExtractor - On page 8
04:13:26.197 [ForkJoinPool-2-worker-1] DEBUG o.a.pdffigures2.GraphicsExtractor$ - Found 3 graphic areas, 3 after cleaning
04:13:26.198 [ForkJoinPool-2-worker-1] DEBUG o.a.pdffigures2.FigureExtractor - On page 36
04:13:26.198 [ForkJoinPool-2-worker-1] DEBUG o.a.pdffigures2.GraphicsExtractor$ - Found 2 graphic areas, 2 after cleaning
04:13:26.199 [ForkJoinPool-2-worker-1] DEBUG o.a.pdffigures2.FigureExtractor - On page 30
04:13:26.199 [ForkJoinPool-2-worker-1] DEBUG o.a.pdffigures2.GraphicsExtractor$ - Found 1 graphic areas, 1 after cleaning
04:13:26.200 [ForkJoinPool-2-worker-1] DEBUG o.a.pdffigures2.FigureExtractor - On page 19
04:13:26.200 [ForkJoinPool-2-worker-1] DEBUG o.a.pdffigures2.GraphicsExtractor$ - Found 2 graphic areas, 2 after cleaning
04:13:26.201 [ForkJoinPool-2-worker-1] DEBUG o.a.pdffigures2.FigureExtractor - On page 4
04:13:26.201 [ForkJoinPool-2-worker-1] DEBUG o.a.pdffigures2.GraphicsExtractor$ - Found 4 graphic areas, 4 after cleaning
04:13:26.202 [ForkJoinPool-2-worker-1] DEBUG o.a.pdffigures2.FigureExtractor - On page 15
04:13:26.202 [ForkJoinPool-2-worker-1] DEBUG o.a.pdffigures2.GraphicsExtractor$ - Found 1 graphic areas, 1 after cleaning
04:13:35.503 [ForkJoinPool-2-worker-1] INFO  o.a.p.FigureExtractorBatchCli$ - Finished 14653.pdf in 10.037 seconds
04:13:35.505 [main] INFO  o.a.p.FigureExtractorBatchCli$ - Finished processing 1 files
04:13:35.505 [main] INFO  o.a.p.FigureExtractorBatchCli$ - Took 10.061 seconds
04:13:35.506 [main] INFO  o.a.p.FigureExtractorBatchCli$ - Stats saved to /work/jobs/20260824041319_jsmith_14653_80dd5742/extract_out/stats/stats_batch001.json
04:13:35.506 [main] INFO  o.a.p.FigureExtractorBatchCli$ - No errors
